main.c:93:5:main	24	static
main.c:224:6:SystemClock_Config	88	static
main.c:268:13:MX_CRC_Init	8	static
main.c:294:13:MX_USART1_UART_Init	8	static
main.c:327:13:MX_USART3_UART_Init	8	static
main.c:360:13:MX_GPIO_Init	48	static
main.c:391:6:printmsg	96	static
main.c:404:10:crcCalculation	24	static
main.c:427:9:word_to_bytes	16	static
main.c:432:10:bytes_to_word	16	static
main.c:436:9:execute_mem_write	40	static
main.c:453:9:execute_flash_erase	48	static
main.c:498:10:calculateAuthenticationKEY	24	static
main.c:504:9:bootloader_verify_crc	40	static
main.c:524:6:userApplication	24	static,ignoring_inline_asm
main.c:553:9:calculateNumOfSector	32	static
main.c:585:6:Error_Handler	4	static
